../drivers/src/stm32f407xx_usart_driver.c:19:6:USART_SetBaudRate	40	static
../drivers/src/stm32f407xx_usart_driver.c:83:6:USART_Init	24	static
../drivers/src/stm32f407xx_usart_driver.c:181:6:USART_PeripheralControl	16	static
../drivers/src/stm32f407xx_usart_driver.c:193:6:USART_PeriClockControl	16	static
../drivers/src/stm32f407xx_usart_driver.c:232:9:USART_GetFlagStatus	16	static
../drivers/src/stm32f407xx_usart_driver.c:256:6:USART_SendData	32	static
../drivers/src/stm32f407xx_usart_driver.c:319:6:USART_ReceiveData	32	static
../drivers/src/stm32f407xx_usart_driver.c:394:9:USART_SendDataIT	32	static
../drivers/src/stm32f407xx_usart_driver.c:432:9:USART_ReceiveDataIT	32	static
../drivers/src/stm32f407xx_usart_driver.c:470:6:USART_ClearFlag	16	static
../drivers/src/stm32f407xx_usart_driver.c:490:6:USART_IRQInterruptConfig	16	static
../drivers/src/stm32f407xx_usart_driver.c:545:6:USART_IRQPriorityConfig	24	static
../drivers/src/stm32f407xx_usart_driver.c:571:6:USART_IRQHandling	32	static
../drivers/src/stm32f407xx_usart_driver.c:874:13:USART_ApplicationEventCallback	16	static
